[    1101ms] [WARNING] <meta name="apple-mobile-web-app-capable" content="yes"> is deprecated. Please include <meta name="mobile-web-app-capable" content="yes"> @ https://www.chewnpour.com/dashboard/topic/k9737nwptf85aqah4552hfqm2185ycjb#step-by-step-breakdown-3:0
[ 2398244ms] [LOG] WebSocket closed with code 1006 @ https://www.chewnpour.com/assets/vendor-observability-CAC4cAu7.js:16
[ 2398249ms] [LOG] Attempting reconnect in 1319ms @ https://www.chewnpour.com/assets/vendor-observability-CAC4cAu7.js:16
[ 2400279ms] [LOG] WebSocket reconnected at t=2400.3s after disconnect due to closed with code 1006 @ https://www.chewnpour.com/assets/vendor-observability-CAC4cAu7.js:16
[ 2587498ms] [LOG] Attempting reconnect in 109ms @ https://www.chewnpour.com/assets/vendor-observability-CAC4cAu7.js:16
[ 2587625ms] [ERROR] WebSocket connection to 'wss://api.chewnpour.com/api/1.31.6/sync' failed: Error in connection establishment: net::ERR_INTERNET_DISCONNECTED @ https://www.chewnpour.com/assets/vendor-auth-DFdc7BfI.js:1
[ 2587625ms] [LOG] WebSocket closed with code 1006 @ https://www.chewnpour.com/assets/vendor-observability-CAC4cAu7.js:16
[ 2587626ms] [LOG] Attempting reconnect in 2452ms @ https://www.chewnpour.com/assets/vendor-observability-CAC4cAu7.js:16
[ 2590083ms] [ERROR] WebSocket connection to 'wss://api.chewnpour.com/api/1.31.6/sync' failed: Error in connection establishment: net::ERR_INTERNET_DISCONNECTED @ https://www.chewnpour.com/assets/vendor-auth-DFdc7BfI.js:1
[ 2590084ms] [LOG] WebSocket closed with code 1006 @ https://www.chewnpour.com/assets/vendor-observability-CAC4cAu7.js:16
[ 2590084ms] [LOG] Attempting reconnect in 3730ms @ https://www.chewnpour.com/assets/vendor-observability-CAC4cAu7.js:16
[ 2593820ms] [ERROR] WebSocket connection to 'wss://api.chewnpour.com/api/1.31.6/sync' failed: Error in connection establishment: net::ERR_INTERNET_DISCONNECTED @ https://www.chewnpour.com/assets/vendor-auth-DFdc7BfI.js:1
[ 2593821ms] [LOG] WebSocket closed with code 1006 @ https://www.chewnpour.com/assets/vendor-observability-CAC4cAu7.js:16
[ 2593821ms] [LOG] Attempting reconnect in 6209ms @ https://www.chewnpour.com/assets/vendor-observability-CAC4cAu7.js:16
[ 2600034ms] [ERROR] WebSocket connection to 'wss://api.chewnpour.com/api/1.31.6/sync' failed: Error in connection establishment: net::ERR_INTERNET_DISCONNECTED @ https://www.chewnpour.com/assets/vendor-auth-DFdc7BfI.js:1
[ 2600034ms] [LOG] WebSocket closed with code 1006 @ https://www.chewnpour.com/assets/vendor-observability-CAC4cAu7.js:16
[ 2600034ms] [LOG] Attempting reconnect in 9203ms @ https://www.chewnpour.com/assets/vendor-observability-CAC4cAu7.js:16
[ 2609241ms] [ERROR] WebSocket connection to 'wss://api.chewnpour.com/api/1.31.6/sync' failed: Error in connection establishment: net::ERR_INTERNET_DISCONNECTED @ https://www.chewnpour.com/assets/vendor-auth-DFdc7BfI.js:1
[ 2609241ms] [LOG] WebSocket closed with code 1006 @ https://www.chewnpour.com/assets/vendor-observability-CAC4cAu7.js:16
[ 2609241ms] [LOG] Attempting reconnect in 12193ms @ https://www.chewnpour.com/assets/vendor-observability-CAC4cAu7.js:16
[ 2621437ms] [ERROR] WebSocket connection to 'wss://api.chewnpour.com/api/1.31.6/sync' failed: Error in connection establishment: net::ERR_INTERNET_DISCONNECTED @ https://www.chewnpour.com/assets/vendor-auth-DFdc7BfI.js:1
[ 2621438ms] [LOG] WebSocket closed with code 1006 @ https://www.chewnpour.com/assets/vendor-observability-CAC4cAu7.js:16
[ 2621438ms] [LOG] Attempting reconnect in 8883ms @ https://www.chewnpour.com/assets/vendor-observability-CAC4cAu7.js:16
[ 3108720ms] [ERROR] WebSocket connection to 'wss://api.chewnpour.com/api/1.31.6/sync' failed: Error in connection establishment: net::ERR_INTERNET_DISCONNECTED @ https://www.chewnpour.com/assets/vendor-auth-DFdc7BfI.js:1
[ 3108720ms] [LOG] WebSocket closed with code 1006 @ https://www.chewnpour.com/assets/vendor-observability-CAC4cAu7.js:16
[ 3108721ms] [LOG] Attempting reconnect in 16085ms @ https://www.chewnpour.com/assets/vendor-observability-CAC4cAu7.js:16
[ 3109352ms] [LOG] Network recovery detected, reconnecting immediately @ https://www.chewnpour.com/assets/vendor-observability-CAC4cAu7.js:16
[ 3109963ms] [LOG] WebSocket reconnected at t=2504.9s after disconnect due to InactiveServer @ https://www.chewnpour.com/assets/vendor-observability-CAC4cAu7.js:16
[ 3109964ms] [LOG] Network recovery reconnect saved ~15s of waiting @ https://www.chewnpour.com/assets/vendor-observability-CAC4cAu7.js:16
[ 3111896ms] [LOG] WebSocket reconnected at t=2506.8s @ https://www.chewnpour.com/assets/vendor-observability-CAC4cAu7.js:16
[ 3441396ms] [LOG] WebSocket closed with code 1006 @ https://www.chewnpour.com/assets/vendor-observability-CAC4cAu7.js:16
[ 3441399ms] [LOG] Attempting reconnect in 552ms @ https://www.chewnpour.com/assets/vendor-observability-CAC4cAu7.js:16
[ 3442368ms] [LOG] WebSocket reconnected at t=2585.1s after disconnect due to closed with code 1006 @ https://www.chewnpour.com/assets/vendor-observability-CAC4cAu7.js:16
