[     792ms] [INFO] %cDownload the React DevTools for a better development experience: https://react.dev/link/react-devtools font-weight:bold @ http://localhost:5173/node_modules/.vite/deps/react-dom_client.js?v=d97f4518:20102
[     929ms] [WARNING] <meta name="apple-mobile-web-app-capable" content="yes"> is deprecated. Please include <meta name="mobile-web-app-capable" content="yes"> @ http://localhost:5173/dashboard/search:0
[     956ms] [LOG] You're now in debug mode. All calls to PostHog will be logged in your console.
You can disable this with `posthog.debug(false)`. @ http://localhost:5173/node_modules/.vite/deps/posthog-js.js?v=d97f4518:4849
[     956ms] [LOG] [PostHog.js] set_config {config: Object, oldConfig: Object, newConfig: Object} @ http://localhost:5173/node_modules/.vite/deps/posthog-js.js?v=d97f4518:552
[     957ms] [LOG] [PostHog.js] [Surveys] Disabled. Not loading surveys. @ http://localhost:5173/node_modules/.vite/deps/posthog-js.js?v=d97f4518:552
[     958ms] [WARNING] [PostHog.js] [ExternalScriptsLoader] https://us-assets.i.posthog.com/array/phc_304AHicO4kxAiEd9vHd7tt863oNkqxZKP3x9931E9mC/config.js was requested but loading of external scripts is disabled. @ http://localhost:5173/node_modules/.vite/deps/posthog-js.js?v=d97f4518:552
[     958ms] [LOG] [PostHog.js] [RemoteConfig] No config found after loading remote JS config. Falling back to JSON. @ http://localhost:5173/node_modules/.vite/deps/posthog-js.js?v=d97f4518:552
[     979ms] [LOG] [PostHog.js] [SessionId] new session ID generated {sessionId: 019df041-5a18-7aeb-a6df-40f61a9c2015, windowId: 019df041-5a18-7aeb-a6df-40f730524670, changeReason: Object} @ http://localhost:5173/node_modules/.vite/deps/posthog-js.js?v=d97f4518:552
[     981ms] [LOG] [PostHog.js] send "$pageview" {uuid: 019df041-5a04-7aa7-a264-3912e6a2e318, event: $pageview, properties: Object, timestamp: Sun May 03 2026 23:51:47 GMT+0000 (Greenwich Mean Time)} @ http://localhost:5173/node_modules/.vite/deps/posthog-js.js?v=d97f4518:552
[     981ms] [LOG] [PostHog.js] reset @ http://localhost:5173/node_modules/.vite/deps/posthog-js.js?v=d97f4518:552
[     982ms] [LOG] [PostHog.js] [SessionId] new session ID generated {sessionId: 019df041-5a1b-7a94-a333-edc20a8ed4c2, windowId: 019df041-5a1b-7a94-a333-edc36d41f8e2, changeReason: Object} @ http://localhost:5173/node_modules/.vite/deps/posthog-js.js?v=d97f4518:552
[     983ms] [LOG] [PostHog.js] send "$pageview" {uuid: 019df041-5a1a-71ce-8f7c-944194bd0576, event: $pageview, properties: Object, timestamp: Sun May 03 2026 23:51:47 GMT+0000 (Greenwich Mean Time)} @ http://localhost:5173/node_modules/.vite/deps/posthog-js.js?v=d97f4518:552
[     983ms] [LOG] [PostHog.js] reset @ http://localhost:5173/node_modules/.vite/deps/posthog-js.js?v=d97f4518:552
[    1137ms] [ERROR] Access to fetch at 'https://patient-anteater-364.convex.site/api/auth/get-session' from origin 'http://localhost:5173' has been blocked by CORS policy: Response to preflight request doesn't pass access control check: No 'Access-Control-Allow-Origin' header is present on the requested resource. @ http://localhost:5173/dashboard/search:0
[    1137ms] [ERROR] Failed to load resource: net::ERR_FAILED @ https://patient-anteater-364.convex.site/api/auth/get-session:0
[    1252ms] [LOG] [PostHog.js] [SessionId] new session ID generated {sessionId: 019df041-5b29-7119-a828-38f3075f3c46, windowId: 019df041-5b29-7119-a828-38f4184c4864, changeReason: Object} @ http://localhost:5173/node_modules/.vite/deps/posthog-js.js?v=d97f4518:552
[    1253ms] [LOG] [PostHog.js] send "$pageview" {uuid: 019df041-5b28-7784-a001-b0c9d186290e, event: $pageview, properties: Object, timestamp: Sun May 03 2026 23:51:48 GMT+0000 (Greenwich Mean Time)} @ http://localhost:5173/node_modules/.vite/deps/posthog-js.js?v=d97f4518:552
[    1317ms] [VERBOSE] [DOM] Input elements should have autocomplete attributes (suggested: "current-password"): (More info: https://goo.gl/9p2vKq) %o @ http://localhost:5173/login:0
[    1627ms] [LOG] [PostHog.js] [RemoteConfig] __preview_remote_config is disabled. Logging config instead {analytics: Object, autocaptureExceptions: false, autocapture_opt_out: false, captureDeadClicks: false, capturePerformance: Object} @ http://localhost:5173/node_modules/.vite/deps/posthog-js.js?v=d97f4518:552
[    1679ms] [LOG] [PostHog.js] Persistence loaded sessionStorage {$referrer: $direct, $referring_domain: $direct} @ http://localhost:5173/node_modules/.vite/deps/posthog-js.js?v=d97f4518:552
[    1679ms] [LOG] [PostHog.js] set_config {config: Object, oldConfig: Object, newConfig: Object} @ http://localhost:5173/node_modules/.vite/deps/posthog-js.js?v=d97f4518:552
[    1679ms] [LOG] [PostHog.js] [Surveys] Disabled. Not loading surveys. @ http://localhost:5173/node_modules/.vite/deps/posthog-js.js?v=d97f4518:552
[    1679ms] [LOG] [PostHog.js] [Web Vitals] enabled, starting... @ http://localhost:5173/node_modules/.vite/deps/posthog-js.js?v=d97f4518:552
[    1679ms] [WARNING] [PostHog.js] [ExternalScriptsLoader] https://us-assets.i.posthog.com/static/web-vitals.js?v=1.347.2 was requested but loading of external scripts is disabled. @ http://localhost:5173/node_modules/.vite/deps/posthog-js.js?v=d97f4518:552
[    1680ms] [ERROR] [PostHog.js] [Web Vitals] failed to load script Loading of external scripts is disabled @ http://localhost:5173/node_modules/.vite/deps/posthog-js.js?v=d97f4518:552
[   84623ms] [LOG] [vite] server connection lost. Polling for restart... @ http://localhost:5173/@vite/client:864
[   86034ms] [INFO] %cDownload the React DevTools for a better development experience: https://react.dev/link/react-devtools font-weight:bold @ http://localhost:5173/node_modules/.vite/deps/react-dom_client.js?v=d97f4518:20102
[   86066ms] [WARNING] <meta name="apple-mobile-web-app-capable" content="yes"> is deprecated. Please include <meta name="mobile-web-app-capable" content="yes"> @ http://localhost:5173/login:0
[   86071ms] [LOG] You're now in debug mode. All calls to PostHog will be logged in your console.
You can disable this with `posthog.debug(false)`. @ http://localhost:5173/node_modules/.vite/deps/posthog-js.js?v=d97f4518:4849
[   86072ms] [LOG] [PostHog.js] set_config {config: Object, oldConfig: Object, newConfig: Object} @ http://localhost:5173/node_modules/.vite/deps/posthog-js.js?v=d97f4518:552
[   86072ms] [LOG] [PostHog.js] [Surveys] Disabled. Not loading surveys. @ http://localhost:5173/node_modules/.vite/deps/posthog-js.js?v=d97f4518:552
[   86072ms] [WARNING] [PostHog.js] [ExternalScriptsLoader] https://us-assets.i.posthog.com/array/phc_304AHicO4kxAiEd9vHd7tt863oNkqxZKP3x9931E9mC/config.js was requested but loading of external scripts is disabled. @ http://localhost:5173/node_modules/.vite/deps/posthog-js.js?v=d97f4518:552
[   86072ms] [LOG] [PostHog.js] [RemoteConfig] No config found after loading remote JS config. Falling back to JSON. @ http://localhost:5173/node_modules/.vite/deps/posthog-js.js?v=d97f4518:552
[   86076ms] [LOG] [PostHog.js] send "$pageview" {uuid: 019df042-a67f-794d-b729-425c695a851b, event: $pageview, properties: Object, timestamp: Sun May 03 2026 23:53:13 GMT+0000 (Greenwich Mean Time)} @ http://localhost:5173/node_modules/.vite/deps/posthog-js.js?v=d97f4518:552
[   86076ms] [LOG] [PostHog.js] reset @ http://localhost:5173/node_modules/.vite/deps/posthog-js.js?v=d97f4518:552
[   86077ms] [LOG] [PostHog.js] [SessionId] new session ID generated {sessionId: 019df042-a681-759b-9667-77af9e18eb8f, windowId: 019df042-a681-759b-9667-77b0e2e03a31, changeReason: Object} @ http://localhost:5173/node_modules/.vite/deps/posthog-js.js?v=d97f4518:552
[   86077ms] [LOG] [PostHog.js] send "$pageview" {uuid: 019df042-a681-759b-9667-77ae18372ef4, event: $pageview, properties: Object, timestamp: Sun May 03 2026 23:53:13 GMT+0000 (Greenwich Mean Time)} @ http://localhost:5173/node_modules/.vite/deps/posthog-js.js?v=d97f4518:552
[   86077ms] [LOG] [PostHog.js] reset @ http://localhost:5173/node_modules/.vite/deps/posthog-js.js?v=d97f4518:552
[   86328ms] [LOG] [PostHog.js] Persistence loaded sessionStorage {} @ http://localhost:5173/node_modules/.vite/deps/posthog-js.js?v=d97f4518:552
[   86328ms] [LOG] [PostHog.js] set_config {config: Object, oldConfig: Object, newConfig: Object} @ http://localhost:5173/node_modules/.vite/deps/posthog-js.js?v=d97f4518:552
[   86329ms] [LOG] [PostHog.js] [Surveys] Disabled. Not loading surveys. @ http://localhost:5173/node_modules/.vite/deps/posthog-js.js?v=d97f4518:552
[   86329ms] [LOG] [PostHog.js] [Web Vitals] enabled, starting... @ http://localhost:5173/node_modules/.vite/deps/posthog-js.js?v=d97f4518:552
[   86329ms] [WARNING] [PostHog.js] [ExternalScriptsLoader] https://us-assets.i.posthog.com/static/web-vitals.js?v=1.347.2 was requested but loading of external scripts is disabled. @ http://localhost:5173/node_modules/.vite/deps/posthog-js.js?v=d97f4518:552
[   86329ms] [ERROR] [PostHog.js] [Web Vitals] failed to load script Loading of external scripts is disabled @ http://localhost:5173/node_modules/.vite/deps/posthog-js.js?v=d97f4518:552
[   86465ms] [VERBOSE] [DOM] Input elements should have autocomplete attributes (suggested: "current-password"): (More info: https://goo.gl/9p2vKq) %o @ http://localhost:5173/login:0
[   86690ms] [LOG] [PostHog.js] [RemoteConfig] __preview_remote_config is disabled. Logging config instead {analytics: Object, autocaptureExceptions: false, autocapture_opt_out: false, captureDeadClicks: false, capturePerformance: Object} @ http://localhost:5173/node_modules/.vite/deps/posthog-js.js?v=d97f4518:552
[   90611ms] [LOG] [vite] server connection lost. Polling for restart... @ http://localhost:5173/@vite/client:864
[  113872ms] [INFO] %cDownload the React DevTools for a better development experience: https://react.dev/link/react-devtools font-weight:bold @ http://localhost:5173/node_modules/.vite/deps/react-dom_client.js?v=d97f4518:20102
[  113889ms] [WARNING] <meta name="apple-mobile-web-app-capable" content="yes"> is deprecated. Please include <meta name="mobile-web-app-capable" content="yes"> @ http://localhost:5173/login:0
[  113894ms] [LOG] You're now in debug mode. All calls to PostHog will be logged in your console.
You can disable this with `posthog.debug(false)`. @ http://localhost:5173/node_modules/.vite/deps/posthog-js.js?v=d97f4518:4849
[  113894ms] [LOG] [PostHog.js] set_config {config: Object, oldConfig: Object, newConfig: Object} @ http://localhost:5173/node_modules/.vite/deps/posthog-js.js?v=d97f4518:552
[  113894ms] [LOG] [PostHog.js] [Surveys] Disabled. Not loading surveys. @ http://localhost:5173/node_modules/.vite/deps/posthog-js.js?v=d97f4518:552
[  113894ms] [WARNING] [PostHog.js] [ExternalScriptsLoader] https://us-assets.i.posthog.com/array/phc_304AHicO4kxAiEd9vHd7tt863oNkqxZKP3x9931E9mC/config.js was requested but loading of external scripts is disabled. @ http://localhost:5173/node_modules/.vite/deps/posthog-js.js?v=d97f4518:552
[  113894ms] [LOG] [PostHog.js] [RemoteConfig] No config found after loading remote JS config. Falling back to JSON. @ http://localhost:5173/node_modules/.vite/deps/posthog-js.js?v=d97f4518:552
[  113896ms] [LOG] [PostHog.js] [SessionId] new session ID generated {sessionId: 019df043-132c-7f95-8a9a-0c9fd783e190, windowId: 019df043-132c-7f95-8a9a-0ca0b975d258, changeReason: Object} @ http://localhost:5173/node_modules/.vite/deps/posthog-js.js?v=d97f4518:552
[  113896ms] [LOG] [PostHog.js] send "$pageview" {uuid: 019df043-132c-7f95-8a9a-0c9e213418f4, event: $pageview, properties: Object, timestamp: Sun May 03 2026 23:53:40 GMT+0000 (Greenwich Mean Time)} @ http://localhost:5173/node_modules/.vite/deps/posthog-js.js?v=d97f4518:552
[  113896ms] [LOG] [PostHog.js] reset @ http://localhost:5173/node_modules/.vite/deps/posthog-js.js?v=d97f4518:552
[  113897ms] [LOG] [PostHog.js] [SessionId] new session ID generated {sessionId: 019df043-132d-7cc9-bceb-812a27358963, windowId: 019df043-132d-7cc9-bceb-812b1ab71124, changeReason: Object} @ http://localhost:5173/node_modules/.vite/deps/posthog-js.js?v=d97f4518:552
[  113897ms] [LOG] [PostHog.js] send "$pageview" {uuid: 019df043-132d-7cc9-bceb-81293bde5d5f, event: $pageview, properties: Object, timestamp: Sun May 03 2026 23:53:40 GMT+0000 (Greenwich Mean Time)} @ http://localhost:5173/node_modules/.vite/deps/posthog-js.js?v=d97f4518:552
[  113897ms] [LOG] [PostHog.js] reset @ http://localhost:5173/node_modules/.vite/deps/posthog-js.js?v=d97f4518:552
[  114119ms] [LOG] [PostHog.js] [RemoteConfig] __preview_remote_config is disabled. Logging config instead {analytics: Object, autocaptureExceptions: false, autocapture_opt_out: false, captureDeadClicks: false, capturePerformance: Object} @ http://localhost:5173/node_modules/.vite/deps/posthog-js.js?v=d97f4518:552
[  114148ms] [LOG] [PostHog.js] Persistence loaded sessionStorage {} @ http://localhost:5173/node_modules/.vite/deps/posthog-js.js?v=d97f4518:552
[  114149ms] [LOG] [PostHog.js] set_config {config: Object, oldConfig: Object, newConfig: Object} @ http://localhost:5173/node_modules/.vite/deps/posthog-js.js?v=d97f4518:552
[  114149ms] [LOG] [PostHog.js] [Surveys] Disabled. Not loading surveys. @ http://localhost:5173/node_modules/.vite/deps/posthog-js.js?v=d97f4518:552
[  114149ms] [LOG] [PostHog.js] [Web Vitals] enabled, starting... @ http://localhost:5173/node_modules/.vite/deps/posthog-js.js?v=d97f4518:552
[  114149ms] [WARNING] [PostHog.js] [ExternalScriptsLoader] https://us-assets.i.posthog.com/static/web-vitals.js?v=1.347.2 was requested but loading of external scripts is disabled. @ http://localhost:5173/node_modules/.vite/deps/posthog-js.js?v=d97f4518:552
[  114149ms] [ERROR] [PostHog.js] [Web Vitals] failed to load script Loading of external scripts is disabled @ http://localhost:5173/node_modules/.vite/deps/posthog-js.js?v=d97f4518:552
[  114288ms] [VERBOSE] [DOM] Input elements should have autocomplete attributes (suggested: "current-password"): (More info: https://goo.gl/9p2vKq) %o @ http://localhost:5173/login:0
