[     123ms] [INFO] %cDownload the React DevTools for a better development experience: https://react.dev/link/react-devtools font-weight:bold @ http://localhost:5173/node_modules/.vite/deps/react-dom_client.js?v=d97f4518:20102
[     146ms] [LOG] You're now in debug mode. All calls to PostHog will be logged in your console.
You can disable this with `posthog.debug(false)`. @ http://localhost:5173/node_modules/.vite/deps/posthog-js.js?v=d97f4518:4849
[     146ms] [LOG] [PostHog.js] set_config {config: Object, oldConfig: Object, newConfig: Object} @ http://localhost:5173/node_modules/.vite/deps/posthog-js.js?v=d97f4518:552
[     146ms] [LOG] [PostHog.js] [Surveys] Disabled. Not loading surveys. @ http://localhost:5173/node_modules/.vite/deps/posthog-js.js?v=d97f4518:552
[     146ms] [WARNING] [PostHog.js] [ExternalScriptsLoader] https://us-assets.i.posthog.com/array/phc_304AHicO4kxAiEd9vHd7tt863oNkqxZKP3x9931E9mC/config.js was requested but loading of external scripts is disabled. @ http://localhost:5173/node_modules/.vite/deps/posthog-js.js?v=d97f4518:552
[     146ms] [LOG] [PostHog.js] [RemoteConfig] No config found after loading remote JS config. Falling back to JSON. @ http://localhost:5173/node_modules/.vite/deps/posthog-js.js?v=d97f4518:552
[     148ms] [LOG] [PostHog.js] [SessionId] new session ID generated {sessionId: 019df043-1e7b-7bd0-a6fa-12f6bcd0b88a, windowId: 019df043-1e7b-7bd0-a6fa-12f79368f211, changeReason: Object} @ http://localhost:5173/node_modules/.vite/deps/posthog-js.js?v=d97f4518:552
[     149ms] [LOG] [PostHog.js] send "$pageview" {uuid: 019df043-1e7a-7c7a-b430-24fd1acdac90, event: $pageview, properties: Object, timestamp: Sun May 03 2026 23:53:43 GMT+0000 (Greenwich Mean Time)} @ http://localhost:5173/node_modules/.vite/deps/posthog-js.js?v=d97f4518:552
[     149ms] [LOG] [PostHog.js] reset @ http://localhost:5173/node_modules/.vite/deps/posthog-js.js?v=d97f4518:552
[     150ms] [LOG] [PostHog.js] [SessionId] new session ID generated {sessionId: 019df043-1e7c-7e72-9bb9-2c1577803f1b, windowId: 019df043-1e7c-7e72-9bb9-2c16fc7b653b, changeReason: Object} @ http://localhost:5173/node_modules/.vite/deps/posthog-js.js?v=d97f4518:552
[     150ms] [LOG] [PostHog.js] send "$pageview" {uuid: 019df043-1e7c-7e72-9bb9-2c14376f7c6d, event: $pageview, properties: Object, timestamp: Sun May 03 2026 23:53:43 GMT+0000 (Greenwich Mean Time)} @ http://localhost:5173/node_modules/.vite/deps/posthog-js.js?v=d97f4518:552
[     150ms] [LOG] [PostHog.js] reset @ http://localhost:5173/node_modules/.vite/deps/posthog-js.js?v=d97f4518:552
[     176ms] [WARNING] <meta name="apple-mobile-web-app-capable" content="yes"> is deprecated. Please include <meta name="mobile-web-app-capable" content="yes"> @ http://localhost:5173/dashboard/search:0
[     417ms] [LOG] [PostHog.js] [SessionId] new session ID generated {sessionId: 019df043-1f87-70b9-bcdb-c2144d66ef11, windowId: 019df043-1f87-70b9-bcdb-c21505556fcf, changeReason: Object} @ http://localhost:5173/node_modules/.vite/deps/posthog-js.js?v=d97f4518:552
[     417ms] [LOG] [PostHog.js] send "$pageview" {uuid: 019df043-1f87-70b9-bcdb-c21364ea00ac, event: $pageview, properties: Object, timestamp: Sun May 03 2026 23:53:44 GMT+0000 (Greenwich Mean Time)} @ http://localhost:5173/node_modules/.vite/deps/posthog-js.js?v=d97f4518:552
[     481ms] [LOG] [PostHog.js] Persistence loaded sessionStorage {$referrer: $direct, $referring_domain: $direct} @ http://localhost:5173/node_modules/.vite/deps/posthog-js.js?v=d97f4518:552
[     481ms] [LOG] [PostHog.js] set_config {config: Object, oldConfig: Object, newConfig: Object} @ http://localhost:5173/node_modules/.vite/deps/posthog-js.js?v=d97f4518:552
[     481ms] [LOG] [PostHog.js] [Surveys] Disabled. Not loading surveys. @ http://localhost:5173/node_modules/.vite/deps/posthog-js.js?v=d97f4518:552
[     481ms] [LOG] [PostHog.js] [Web Vitals] enabled, starting... @ http://localhost:5173/node_modules/.vite/deps/posthog-js.js?v=d97f4518:552
[     481ms] [WARNING] [PostHog.js] [ExternalScriptsLoader] https://us-assets.i.posthog.com/static/web-vitals.js?v=1.347.2 was requested but loading of external scripts is disabled. @ http://localhost:5173/node_modules/.vite/deps/posthog-js.js?v=d97f4518:552
[     481ms] [ERROR] [PostHog.js] [Web Vitals] failed to load script Loading of external scripts is disabled @ http://localhost:5173/node_modules/.vite/deps/posthog-js.js?v=d97f4518:552
[     517ms] [VERBOSE] [DOM] Input elements should have autocomplete attributes (suggested: "current-password"): (More info: https://goo.gl/9p2vKq) %o @ http://localhost:5173/login:0
[     768ms] [LOG] [PostHog.js] [RemoteConfig] __preview_remote_config is disabled. Logging config instead {analytics: Object, autocaptureExceptions: false, autocapture_opt_out: false, captureDeadClicks: false, capturePerformance: Object} @ http://localhost:5173/node_modules/.vite/deps/posthog-js.js?v=d97f4518:552
[ 5283978ms] [LOG] [vite] server connection lost. Polling for restart... @ http://localhost:5173/@vite/client:864
[ 5284538ms] [INFO] %cDownload the React DevTools for a better development experience: https://react.dev/link/react-devtools font-weight:bold @ http://localhost:5173/node_modules/.vite/deps/react-dom_client.js?v=d97f4518:20102
[ 5284592ms] [WARNING] <meta name="apple-mobile-web-app-capable" content="yes"> is deprecated. Please include <meta name="mobile-web-app-capable" content="yes"> @ http://localhost:5173/login:0
[ 5284688ms] [LOG] You're now in debug mode. All calls to PostHog will be logged in your console.
You can disable this with `posthog.debug(false)`. @ http://localhost:5173/node_modules/.vite/deps/posthog-js.js?v=d97f4518:4849
[ 5284689ms] [LOG] [PostHog.js] set_config {config: Object, oldConfig: Object, newConfig: Object} @ http://localhost:5173/node_modules/.vite/deps/posthog-js.js?v=d97f4518:552
[ 5284694ms] [LOG] [PostHog.js] [Surveys] Disabled. Not loading surveys. @ http://localhost:5173/node_modules/.vite/deps/posthog-js.js?v=d97f4518:552
[ 5284695ms] [WARNING] [PostHog.js] [ExternalScriptsLoader] https://us-assets.i.posthog.com/array/phc_304AHicO4kxAiEd9vHd7tt863oNkqxZKP3x9931E9mC/config.js was requested but loading of external scripts is disabled. @ http://localhost:5173/node_modules/.vite/deps/posthog-js.js?v=d97f4518:552
[ 5284695ms] [LOG] [PostHog.js] [RemoteConfig] No config found after loading remote JS config. Falling back to JSON. @ http://localhost:5173/node_modules/.vite/deps/posthog-js.js?v=d97f4518:552
[ 5284702ms] [LOG] [PostHog.js] [SessionId] new session ID generated {sessionId: 019df093-c144-76f8-8ec4-5713fdcd71c9, windowId: 019df093-c144-76f8-8ec4-5714ee44ba74, changeReason: Object} @ http://localhost:5173/node_modules/.vite/deps/posthog-js.js?v=d97f4518:552
[ 5284703ms] [LOG] [PostHog.js] send "$pageview" {uuid: 019df093-c143-709c-80c9-e73aa488bf1e, event: $pageview, properties: Object, timestamp: Mon May 04 2026 01:21:48 GMT+0000 (Greenwich Mean Time)} @ http://localhost:5173/node_modules/.vite/deps/posthog-js.js?v=d97f4518:552
[ 5284703ms] [LOG] [PostHog.js] reset @ http://localhost:5173/node_modules/.vite/deps/posthog-js.js?v=d97f4518:552
[ 5284704ms] [LOG] [PostHog.js] [SessionId] new session ID generated {sessionId: 019df093-c147-71c8-a69e-bf1f956d7683, windowId: 019df093-c147-71c8-a69e-bf20beea25d6, changeReason: Object} @ http://localhost:5173/node_modules/.vite/deps/posthog-js.js?v=d97f4518:552
[ 5284705ms] [LOG] [PostHog.js] send "$pageview" {uuid: 019df093-c146-77a6-821b-72f2f712b0f9, event: $pageview, properties: Object, timestamp: Mon May 04 2026 01:21:48 GMT+0000 (Greenwich Mean Time)} @ http://localhost:5173/node_modules/.vite/deps/posthog-js.js?v=d97f4518:552
[ 5284705ms] [LOG] [PostHog.js] reset @ http://localhost:5173/node_modules/.vite/deps/posthog-js.js?v=d97f4518:552
[ 5284972ms] [LOG] [PostHog.js] [RemoteConfig] __preview_remote_config is disabled. Logging config instead {analytics: Object, autocaptureExceptions: false, autocapture_opt_out: false, captureDeadClicks: false, capturePerformance: Object} @ http://localhost:5173/node_modules/.vite/deps/posthog-js.js?v=d97f4518:552
[ 5284978ms] [VERBOSE] [DOM] Input elements should have autocomplete attributes (suggested: "current-password"): (More info: https://goo.gl/9p2vKq) %o @ http://localhost:5173/login:0
[ 5285464ms] [LOG] [PostHog.js] Persistence loaded sessionStorage {} @ http://localhost:5173/node_modules/.vite/deps/posthog-js.js?v=d97f4518:552
[ 5285465ms] [LOG] [PostHog.js] set_config {config: Object, oldConfig: Object, newConfig: Object} @ http://localhost:5173/node_modules/.vite/deps/posthog-js.js?v=d97f4518:552
[ 5285465ms] [LOG] [PostHog.js] [Surveys] Disabled. Not loading surveys. @ http://localhost:5173/node_modules/.vite/deps/posthog-js.js?v=d97f4518:552
[ 5285466ms] [LOG] [PostHog.js] [Web Vitals] enabled, starting... @ http://localhost:5173/node_modules/.vite/deps/posthog-js.js?v=d97f4518:552
[ 5285466ms] [WARNING] [PostHog.js] [ExternalScriptsLoader] https://us-assets.i.posthog.com/static/web-vitals.js?v=1.347.2 was requested but loading of external scripts is disabled. @ http://localhost:5173/node_modules/.vite/deps/posthog-js.js?v=d97f4518:552
[ 5285466ms] [ERROR] [PostHog.js] [Web Vitals] failed to load script Loading of external scripts is disabled @ http://localhost:5173/node_modules/.vite/deps/posthog-js.js?v=d97f4518:552
[28717400ms] [LOG] [vite] server connection lost. Polling for restart... @ http://localhost:5173/@vite/client:864
[28717827ms] [INFO] %cDownload the React DevTools for a better development experience: https://react.dev/link/react-devtools font-weight:bold @ http://localhost:5173/node_modules/.vite/deps/react-dom_client.js?v=d97f4518:20102
[28717911ms] [WARNING] <meta name="apple-mobile-web-app-capable" content="yes"> is deprecated. Please include <meta name="mobile-web-app-capable" content="yes"> @ http://localhost:5173/login:0
[28717950ms] [LOG] You're now in debug mode. All calls to PostHog will be logged in your console.
You can disable this with `posthog.debug(false)`. @ http://localhost:5173/node_modules/.vite/deps/posthog-js.js?v=d97f4518:4849
[28717950ms] [LOG] [PostHog.js] set_config {config: Object, oldConfig: Object, newConfig: Object} @ http://localhost:5173/node_modules/.vite/deps/posthog-js.js?v=d97f4518:552
[28717952ms] [LOG] [PostHog.js] [Surveys] Disabled. Not loading surveys. @ http://localhost:5173/node_modules/.vite/deps/posthog-js.js?v=d97f4518:552
[28717953ms] [WARNING] [PostHog.js] [ExternalScriptsLoader] https://us-assets.i.posthog.com/array/phc_304AHicO4kxAiEd9vHd7tt863oNkqxZKP3x9931E9mC/config.js was requested but loading of external scripts is disabled. @ http://localhost:5173/node_modules/.vite/deps/posthog-js.js?v=d97f4518:552
[28717953ms] [LOG] [PostHog.js] [RemoteConfig] No config found after loading remote JS config. Falling back to JSON. @ http://localhost:5173/node_modules/.vite/deps/posthog-js.js?v=d97f4518:552
[28717968ms] [LOG] [PostHog.js] [SessionId] new session ID generated {sessionId: 019df1f9-5176-726d-863f-dd11df340e94, windowId: 019df1f9-5176-726d-863f-dd12802bf7a0, changeReason: Object} @ http://localhost:5173/node_modules/.vite/deps/posthog-js.js?v=d97f4518:552
[28717971ms] [LOG] [PostHog.js] send "$pageview" {uuid: 019df1f9-5173-7423-ba1a-443826d9ea3b, event: $pageview, properties: Object, timestamp: Mon May 04 2026 07:52:21 GMT+0000 (Greenwich Mean Time)} @ http://localhost:5173/node_modules/.vite/deps/posthog-js.js?v=d97f4518:552
[28717971ms] [LOG] [PostHog.js] reset @ http://localhost:5173/node_modules/.vite/deps/posthog-js.js?v=d97f4518:552
[28717973ms] [LOG] [PostHog.js] [SessionId] new session ID generated {sessionId: 019df1f9-517c-7e23-bddc-324c3041a206, windowId: 019df1f9-517c-7e23-bddc-324d1d98791b, changeReason: Object} @ http://localhost:5173/node_modules/.vite/deps/posthog-js.js?v=d97f4518:552
[28717974ms] [LOG] [PostHog.js] send "$pageview" {uuid: 019df1f9-517b-74d5-bc63-6a2f9547ab4f, event: $pageview, properties: Object, timestamp: Mon May 04 2026 07:52:21 GMT+0000 (Greenwich Mean Time)} @ http://localhost:5173/node_modules/.vite/deps/posthog-js.js?v=d97f4518:552
[28717974ms] [LOG] [PostHog.js] reset @ http://localhost:5173/node_modules/.vite/deps/posthog-js.js?v=d97f4518:552
[28718243ms] [LOG] [PostHog.js] [RemoteConfig] __preview_remote_config is disabled. Logging config instead {analytics: Object, autocaptureExceptions: false, autocapture_opt_out: false, captureDeadClicks: false, capturePerformance: Object} @ http://localhost:5173/node_modules/.vite/deps/posthog-js.js?v=d97f4518:552
[28718293ms] [VERBOSE] [DOM] Input elements should have autocomplete attributes (suggested: "current-password"): (More info: https://goo.gl/9p2vKq) %o @ http://localhost:5173/login:0
[28718681ms] [LOG] [PostHog.js] Persistence loaded sessionStorage {} @ http://localhost:5173/node_modules/.vite/deps/posthog-js.js?v=d97f4518:552
[28718681ms] [LOG] [PostHog.js] set_config {config: Object, oldConfig: Object, newConfig: Object} @ http://localhost:5173/node_modules/.vite/deps/posthog-js.js?v=d97f4518:552
[28718681ms] [LOG] [PostHog.js] [Surveys] Disabled. Not loading surveys. @ http://localhost:5173/node_modules/.vite/deps/posthog-js.js?v=d97f4518:552
[28718681ms] [LOG] [PostHog.js] [Web Vitals] enabled, starting... @ http://localhost:5173/node_modules/.vite/deps/posthog-js.js?v=d97f4518:552
[28718681ms] [WARNING] [PostHog.js] [ExternalScriptsLoader] https://us-assets.i.posthog.com/static/web-vitals.js?v=1.347.2 was requested but loading of external scripts is disabled. @ http://localhost:5173/node_modules/.vite/deps/posthog-js.js?v=d97f4518:552
[28718681ms] [ERROR] [PostHog.js] [Web Vitals] failed to load script Loading of external scripts is disabled @ http://localhost:5173/node_modules/.vite/deps/posthog-js.js?v=d97f4518:552
[30807235ms] [ERROR] Failed to load resource: net::ERR_ADDRESS_UNREACHABLE @ https://site.chewnpour.com/api/auth/get-session:0
[30856196ms] [ERROR] Failed to load resource: net::ERR_ADDRESS_UNREACHABLE @ https://site.chewnpour.com/api/auth/get-session:0
[32453015ms] [ERROR] Failed to load resource: net::ERR_ADDRESS_UNREACHABLE @ https://site.chewnpour.com/api/auth/get-session:0
[37168297ms] [ERROR] Failed to load resource: net::ERR_NAME_NOT_RESOLVED @ https://site.chewnpour.com/api/auth/get-session:0
[37259888ms] [ERROR] Failed to load resource: net::ERR_ADDRESS_UNREACHABLE @ https://site.chewnpour.com/api/auth/get-session:0
[37336734ms] [ERROR] Failed to load resource: net::ERR_NAME_NOT_RESOLVED @ https://site.chewnpour.com/api/auth/get-session:0
