[  203426ms] [WARNING] <meta name="apple-mobile-web-app-capable" content="yes"> is deprecated. Please include <meta name="mobile-web-app-capable" content="yes"> @ https://www.chewnpour.com/signup:0
[  204194ms] [VERBOSE] [DOM] Input elements should have autocomplete attributes (suggested: "current-password"): (More info: https://goo.gl/9p2vKq) %o @ https://www.chewnpour.com/onboarding/name:0
[  272219ms] [WARNING] <meta name="apple-mobile-web-app-capable" content="yes"> is deprecated. Please include <meta name="mobile-web-app-capable" content="yes"> @ https://www.chewnpour.com/signup:0
[  272655ms] [VERBOSE] [DOM] Input elements should have autocomplete attributes (suggested: "current-password"): (More info: https://goo.gl/9p2vKq) %o @ https://www.chewnpour.com/onboarding/name:0
[  335930ms] [WARNING] <meta name="apple-mobile-web-app-capable" content="yes"> is deprecated. Please include <meta name="mobile-web-app-capable" content="yes"> @ https://www.chewnpour.com/signup:0
[  336360ms] [VERBOSE] [DOM] Input elements should have autocomplete attributes (suggested: "current-password"): (More info: https://goo.gl/9p2vKq) %o @ https://www.chewnpour.com/onboarding/name:0
[  339142ms] [ERROR] [CONVEX M(uploads:createUpload)] [Request ID: e6dfa5d5d01e4c68] Server Error
Uncaught ConvexError: {"code":"UNAUTHORIZED","message":"You do not have permission to upload for this user."}
    at assertAuthorizedUser (../convex/uploads.ts:35:12)
    at handler (../convex/uploads.ts:87:8)
 @ https://www.chewnpour.com/assets/vendor-observability-CAC4cAu7.js:16
[  339143ms] [ERROR] Upload failed: ConvexError: [CONVEX M(uploads:createUpload)] [Request ID: e6dfa5d5d01e4c68] Server Error
Uncaught ConvexError: {"code":"UNAUTHORIZED","message":"You do not have permission to upload for this user."}
    at assertAuthorizedUser (../convex/uploads.ts:35:12)
    at handler (../convex/uploads.ts:87:8)

  Called by client
    at assertAuthorizedUser (../convex/uploads.ts:35:12)
    at handler (../convex/uploads.ts:87:8)

  Called by client
    at ar.mutation (https://www.chewnpour.com/assets/vendor-auth-DFdc7BfI.js:2:44661)
    at async rt (https://www.chewnpour.com/assets/DashboardAnalysis-CnycddbP.js:3:9078) @ https://www.chewnpour.com/assets/vendor-observability-CAC4cAu7.js:16
[  534518ms] [LOG] %c[CONVEX A(ai:processUploadedFile)] [INFO] color:rgb(0, 145, 255) '[Extraction] v2_completed' {
  uploadId: 'kd7b8s944a1ay1f7taw49w6gah85zxqt',
  chars: 683,
  backend: 'docling',
  parser: 'docx_structured',
  qualityScore: 1,
  coverage: 1,
  provisional: false,
  strictPass: true,
  warnings: []
} @ https://www.chewnpour.com/assets/vendor-observability-CAC4cAu7.js:16
[  545718ms] [WARNING] <meta name="apple-mobile-web-app-capable" content="yes"> is deprecated. Please include <meta name="mobile-web-app-capable" content="yes"> @ https://www.chewnpour.com/dashboard:0
[  546086ms] [WARNING] <meta name="apple-mobile-web-app-capable" content="yes"> is deprecated. Please include <meta name="mobile-web-app-capable" content="yes"> @ https://www.chewnpour.com/dashboard:0
[  549551ms] [WARNING] <meta name="apple-mobile-web-app-capable" content="yes"> is deprecated. Please include <meta name="mobile-web-app-capable" content="yes"> @ https://www.chewnpour.com/dashboard/course/jh7a8mqzzrtns4rfsbn2r6t5bd85ymmt:0
[  580810ms] [WARNING] <meta name="apple-mobile-web-app-capable" content="yes"> is deprecated. Please include <meta name="mobile-web-app-capable" content="yes"> @ https://www.chewnpour.com/dashboard/exam/k973w3saetncj5j1gz2yetmnsd85yjwr?autostart=mcq:0
[  581140ms] [WARNING] <meta name="apple-mobile-web-app-capable" content="yes"> is deprecated. Please include <meta name="mobile-web-app-capable" content="yes"> @ https://www.chewnpour.com/dashboard/exam/k973w3saetncj5j1gz2yetmnsd85yjwr?autostart=mcq:0
[ 1087704ms] [WARNING] <meta name="apple-mobile-web-app-capable" content="yes"> is deprecated. Please include <meta name="mobile-web-app-capable" content="yes"> @ https://www.chewnpour.com/onboarding/name:0
[ 1087899ms] [WARNING] <meta name="apple-mobile-web-app-capable" content="yes"> is deprecated. Please include <meta name="mobile-web-app-capable" content="yes"> @ https://www.chewnpour.com/onboarding/name:0
[ 1088282ms] [VERBOSE] [DOM] Input elements should have autocomplete attributes (suggested: "current-password"): (More info: https://goo.gl/9p2vKq) %o @ https://www.chewnpour.com/onboarding/name:0
[ 1478599ms] [LOG] %c[CONVEX A(ai:processUploadedFile)] [INFO] color:rgb(0, 145, 255) '[Extraction] v2_completed' {
  uploadId: 'kd7b3vxdgfa9a5vy0aq6m2hn9d85y2h1',
  chars: 683,
  backend: 'docling',
  parser: 'docx_structured',
  qualityScore: 1,
  coverage: 1,
  provisional: false,
  strictPass: true,
  warnings: []
} @ https://www.chewnpour.com/assets/vendor-observability-CAC4cAu7.js:16
[ 1626396ms] [WARNING] <meta name="apple-mobile-web-app-capable" content="yes"> is deprecated. Please include <meta name="mobile-web-app-capable" content="yes"> @ https://www.chewnpour.com/dashboard/exam/k979wk61td20xzzq5bp19bza4d85ygy1?autostart=mcq:0
[ 1626701ms] [WARNING] <meta name="apple-mobile-web-app-capable" content="yes"> is deprecated. Please include <meta name="mobile-web-app-capable" content="yes"> @ https://www.chewnpour.com/dashboard/exam/k979wk61td20xzzq5bp19bza4d85ygy1?autostart=mcq:0
[ 1717091ms] [ERROR] Failed to start exam preparation: ConvexError: [Request ID: 25dda0b6d200363c] Server Error
Uncaught ConvexError: Uncaught ConvexError: {"code":"EXAM_GENERATION_FAILED","message":"We couldn't generate a valid objective exam from this topic right now. Please try again."}
    at <anonymous> (../convex/ai.ts:15000:24)
    at async runWithLlmUsageContext (../convex/ai.ts:541:8)
    at async handler (../convex/ai.ts:14616:12)

    at async handler (../convex/exams.ts:316:12)

    at <anonymous> (../convex/ai.ts:15000:24)
    at async runWithLlmUsageContext (../convex/ai.ts:541:8)
    at async handler (../convex/ai.ts:14616:12)

    at async handler (../convex/exams.ts:316:12)

    at cr.action (https://www.chewnpour.com/assets/vendor-auth-DFdc7BfI.js:2:56634)
    at async https://www.chewnpour.com/assets/ExamMode-LuRQeArX.js:2:7645
    at async https://www.chewnpour.com/assets/ExamMode-LuRQeArX.js:2:9852 @ https://www.chewnpour.com/assets/vendor-observability-CAC4cAu7.js:16
[ 2199055ms] [ERROR] Failed to start exam preparation: ConvexError: [Request ID: f93b644ec6da53eb] Server Error
Uncaught ConvexError: Uncaught ConvexError: {"code":"EXAM_GENERATION_FAILED","message":"We couldn't generate a valid objective exam from this topic right now. Please try again."}
    at <anonymous> (../convex/ai.ts:15011:24)
    at async runWithLlmUsageContext (../convex/ai.ts:541:8)
    at async handler (../convex/ai.ts:14626:12)

    at async handler (../convex/exams.ts:316:12)

    at <anonymous> (../convex/ai.ts:15011:24)
    at async runWithLlmUsageContext (../convex/ai.ts:541:8)
    at async handler (../convex/ai.ts:14626:12)

    at async handler (../convex/exams.ts:316:12)

    at cr.action (https://www.chewnpour.com/assets/vendor-auth-DFdc7BfI.js:2:56634)
    at async https://www.chewnpour.com/assets/ExamMode-LuRQeArX.js:2:7645
    at async https://www.chewnpour.com/assets/ExamMode-LuRQeArX.js:2:9852
    at async https://www.chewnpour.com/assets/ExamMode-LuRQeArX.js:2:11600 @ https://www.chewnpour.com/assets/vendor-observability-CAC4cAu7.js:16
[ 2403496ms] [ERROR] Failed to start exam preparation: ConvexError: [Request ID: ac700dba6bb8e718] Server Error
Uncaught ConvexError: Uncaught ConvexError: {"code":"EXAM_GENERATION_FAILED","message":"We couldn't generate a valid objective exam from this topic right now. Please try again."}
    at <anonymous> (../convex/ai.ts:15019:24)
    at async runWithLlmUsageContext (../convex/ai.ts:541:8)
    at async handler (../convex/ai.ts:14627:12)

    at async handler (../convex/exams.ts:316:12)

    at <anonymous> (../convex/ai.ts:15019:24)
    at async runWithLlmUsageContext (../convex/ai.ts:541:8)
    at async handler (../convex/ai.ts:14627:12)

    at async handler (../convex/exams.ts:316:12)

    at cr.action (https://www.chewnpour.com/assets/vendor-auth-DFdc7BfI.js:2:56634)
    at async https://www.chewnpour.com/assets/ExamMode-LuRQeArX.js:2:7645
    at async https://www.chewnpour.com/assets/ExamMode-LuRQeArX.js:2:9852
    at async https://www.chewnpour.com/assets/ExamMode-LuRQeArX.js:2:11600 @ https://www.chewnpour.com/assets/vendor-observability-CAC4cAu7.js:16
[ 2577186ms] [ERROR] Failed to start exam preparation: ConvexError: [Request ID: 0d7ab954cdb047c6] Server Error
Uncaught ConvexError: Uncaught ConvexError: {"code":"EXAM_GENERATION_FAILED","message":"We couldn't generate a valid objective exam from this topic right now. Please try again."}
    at <anonymous> (../convex/ai.ts:15049:24)
    at async runWithLlmUsageContext (../convex/ai.ts:541:8)
    at async handler (../convex/ai.ts:14649:12)

    at async handler (../convex/exams.ts:316:12)

    at <anonymous> (../convex/ai.ts:15049:24)
    at async runWithLlmUsageContext (../convex/ai.ts:541:8)
    at async handler (../convex/ai.ts:14649:12)

    at async handler (../convex/exams.ts:316:12)

    at cr.action (https://www.chewnpour.com/assets/vendor-auth-DFdc7BfI.js:2:56634)
    at async https://www.chewnpour.com/assets/ExamMode-LuRQeArX.js:2:7645
    at async https://www.chewnpour.com/assets/ExamMode-LuRQeArX.js:2:9852
    at async https://www.chewnpour.com/assets/ExamMode-LuRQeArX.js:2:11600 @ https://www.chewnpour.com/assets/vendor-observability-CAC4cAu7.js:16
